total_records
-------------
303

(1 row affected)

average_age
----------------------
54.3663366336634

(1 row affected)

sex                    total_count
---------------------- -----------
0                      96
1                      207

(2 rows affected)

max_bp                 min_bp
---------------------- ----------------------
200                    94

(1 row affected)

cp                     avg_cholestoral
---------------------- ----------------------
0                      250.132867132867
1                      244.78
2                      243.172413793103
3                      237.130434782609

(4 rows affected)

slope                  total_count
---------------------- -----------
0                      21
1                      140
2                      142

(3 rows affected)

percentage
-----------
54

(1 row affected)

total_count
-----------
130

(1 row affected)

sex                    avg_age                avg_max_hr
---------------------- ---------------------- ----------------------
0                      54.5555555555556       154.027777777778
1                      50.9032258064516       161.903225806452

(2 rows affected)

restecg                avg_cholestoral
---------------------- ----------------------
0                      255.142857142857
1                      237.269736842105
2                      261.75

(3 rows affected)

total_count
-----------
16

(1 row affected)

ca                     avg_resting_bp
---------------------- ----------------------
0                      128.946153846154
1                      129.380952380952
2                      135.428571428571
3                      122.666666666667
4                      134.75

(5 rows affected)

cp                     exang                  avg_max_hr
---------------------- ---------------------- ----------------------
0                      0                      148.253968253968
1                      0                      164.282608695652
2                      0                      156.631578947368
3                      0                      155.684210526316
0                      1                      134.4625
1                      1                      141
2                      1                      148.545454545455
3                      1                      157.25

(8 rows affected)


Completion time: 2023-07-20T17:20:55.3537679+03:00
